E:\Otros ordenadores\PC DAM 23 24\2_DAM\AED-AccesoADatos_JoseIgnacio\web - PostgreSQL\src\main\java\Servlets\com\pojo\Alumno.java
E:\Otros ordenadores\PC DAM 23 24\2_DAM\AED-AccesoADatos_JoseIgnacio\web - PostgreSQL\src\main\java\Servlets\InsertarAlumno.java
E:\Otros ordenadores\PC DAM 23 24\2_DAM\AED-AccesoADatos_JoseIgnacio\web - PostgreSQL\src\main\java\Servlets\InformacionCliente.java
E:\Otros ordenadores\PC DAM 23 24\2_DAM\AED-AccesoADatos_JoseIgnacio\web - PostgreSQL\src\main\java\Dates\AdminManagement.java
E:\Otros ordenadores\PC DAM 23 24\2_DAM\AED-AccesoADatos_JoseIgnacio\web - PostgreSQL\src\main\java\Servlets\com\mycompany\web\JakartaRestConfiguration.java
E:\Otros ordenadores\PC DAM 23 24\2_DAM\AED-AccesoADatos_JoseIgnacio\web - PostgreSQL\src\main\java\Dates\Student.java
E:\Otros ordenadores\PC DAM 23 24\2_DAM\AED-AccesoADatos_JoseIgnacio\web - PostgreSQL\src\main\java\Servlets\com\mycompany\web\resources\JakartaEE10Resource.java
E:\Otros ordenadores\PC DAM 23 24\2_DAM\AED-AccesoADatos_JoseIgnacio\web - PostgreSQL\src\main\java\Dates\StudentManagement.java
E:\Otros ordenadores\PC DAM 23 24\2_DAM\AED-AccesoADatos_JoseIgnacio\web - PostgreSQL\src\main\java\Servlets\com\databases\AlumnoDB.java
E:\Otros ordenadores\PC DAM 23 24\2_DAM\AED-AccesoADatos_JoseIgnacio\web - PostgreSQL\src\main\java\Connection\MyConnection.java
E:\Otros ordenadores\PC DAM 23 24\2_DAM\AED-AccesoADatos_JoseIgnacio\web - PostgreSQL\src\main\java\Dates\Admin.java
E:\Otros ordenadores\PC DAM 23 24\2_DAM\AED-AccesoADatos_JoseIgnacio\web - PostgreSQL\src\main\java\Servlets\MiServlet.java
